MPLINK 5.08, LINKER
Linker Map File - Created Thu Mar 24 19:54:27 2016

                                 Section Info
                  Section       Type    Address   Location Size(Bytes)
                ---------  ---------  ---------  ---------  ---------
                   .org_0       code   0x000000    program   0x000000
                   .org_1       code   0x000000    program   0x00003c



                              Program Memory Usage 
                               Start         End      
                           ---------   ---------      
                            0x000000    0x00001d      
            30 out of 1094 program addresses used, program memory utilization is 2%



                              Symbols - Sorted by Name
                     Name    Address   Location    Storage File                     
                ---------  ---------  ---------  --------- ---------                
                     Loop   0x00001a    program     static C:\Users\Pavel\MPLABXProjects\POVS-3.X\led.asm
                   Output   0x000007    program     static C:\Users\Pavel\MPLABXProjects\POVS-3.X\led.asm
                    Start   0x000014    program     static C:\Users\Pavel\MPLABXProjects\POVS-3.X\led.asm
                     Wait   0x000001    program     static C:\Users\Pavel\MPLABXProjects\POVS-3.X\led.asm
                 WaitLoop   0x000003    program     static C:\Users\Pavel\MPLABXProjects\POVS-3.X\led.asm



                              Symbols - Sorted by Address
                     Name    Address   Location    Storage File                     
                ---------  ---------  ---------  --------- ---------                
                     Wait   0x000001    program     static C:\Users\Pavel\MPLABXProjects\POVS-3.X\led.asm
                 WaitLoop   0x000003    program     static C:\Users\Pavel\MPLABXProjects\POVS-3.X\led.asm
                   Output   0x000007    program     static C:\Users\Pavel\MPLABXProjects\POVS-3.X\led.asm
                    Start   0x000014    program     static C:\Users\Pavel\MPLABXProjects\POVS-3.X\led.asm
                     Loop   0x00001a    program     static C:\Users\Pavel\MPLABXProjects\POVS-3.X\led.asm


