MPLINK 5.08, LINKER
Linker Map File - Created Mon Apr 11 18:14:39 2016

                                 Section Info
                  Section       Type    Address   Location Size(Bytes)
                ---------  ---------  ---------  ---------  ---------
                   .org_0       code   0x000000    program   0x000000
                   .org_1       code   0x000000    program   0x00005e
       .config_2007_LED.O       code   0x002007    program   0x000002



                              Program Memory Usage 
                               Start         End      
                           ---------   ---------      
                            0x000000    0x00002e      
                            0x002007    0x002007      
            48 out of 1094 program addresses used, program memory utilization is 4%



                              Symbols - Sorted by Name
                     Name    Address   Location    Storage File                     
                ---------  ---------  ---------  --------- ---------                
            Button_pushed   0x000026    program     static C:\Users\Pavel\MPLABXProjects\POVS-4_2\led.asm
                     Loop   0x000021    program     static C:\Users\Pavel\MPLABXProjects\POVS-4_2\led.asm
                   Output   0x000007    program     static C:\Users\Pavel\MPLABXProjects\POVS-4_2\led.asm
                    Start   0x000018    program     static C:\Users\Pavel\MPLABXProjects\POVS-4_2\led.asm
                     Wait   0x000001    program     static C:\Users\Pavel\MPLABXProjects\POVS-4_2\led.asm
                 WaitLoop   0x000003    program     static C:\Users\Pavel\MPLABXProjects\POVS-4_2\led.asm



                              Symbols - Sorted by Address
                     Name    Address   Location    Storage File                     
                ---------  ---------  ---------  --------- ---------                
                     Wait   0x000001    program     static C:\Users\Pavel\MPLABXProjects\POVS-4_2\led.asm
                 WaitLoop   0x000003    program     static C:\Users\Pavel\MPLABXProjects\POVS-4_2\led.asm
                   Output   0x000007    program     static C:\Users\Pavel\MPLABXProjects\POVS-4_2\led.asm
                    Start   0x000018    program     static C:\Users\Pavel\MPLABXProjects\POVS-4_2\led.asm
                     Loop   0x000021    program     static C:\Users\Pavel\MPLABXProjects\POVS-4_2\led.asm
            Button_pushed   0x000026    program     static C:\Users\Pavel\MPLABXProjects\POVS-4_2\led.asm


