MPLINK 5.08, LINKER
Linker Map File - Created Sun Mar 20 20:04:53 2016

                                 Section Info
                  Section       Type    Address   Location Size(Bytes)
                ---------  ---------  ---------  ---------  ---------
                   .org_0       code   0x000000    program   0x00003c
                   .cinit    romdata   0x00001e    program   0x000004



                              Program Memory Usage 
                               Start         End      
                           ---------   ---------      
                            0x000000    0x00001f      
            32 out of 1093 program addresses used, program memory utilization is 2%



                              Symbols - Sorted by Name
                     Name    Address   Location    Storage File                     
                ---------  ---------  ---------  --------- ---------                
                     Loop   0x00001a    program     static C:\Users\Pavel\MPLABXProjects\POVS-3.X\fib.asm
                   Output   0x000007    program     static C:\Users\Pavel\MPLABXProjects\POVS-3.X\fib.asm
                    Start   0x000014    program     static C:\Users\Pavel\MPLABXProjects\POVS-3.X\fib.asm
                     Wait   0x000001    program     static C:\Users\Pavel\MPLABXProjects\POVS-3.X\fib.asm
                 Waitloop   0x000003    program     static C:\Users\Pavel\MPLABXProjects\POVS-3.X\fib.asm



                              Symbols - Sorted by Address
                     Name    Address   Location    Storage File                     
                ---------  ---------  ---------  --------- ---------                
                     Wait   0x000001    program     static C:\Users\Pavel\MPLABXProjects\POVS-3.X\fib.asm
                 Waitloop   0x000003    program     static C:\Users\Pavel\MPLABXProjects\POVS-3.X\fib.asm
                   Output   0x000007    program     static C:\Users\Pavel\MPLABXProjects\POVS-3.X\fib.asm
                    Start   0x000014    program     static C:\Users\Pavel\MPLABXProjects\POVS-3.X\fib.asm
                     Loop   0x00001a    program     static C:\Users\Pavel\MPLABXProjects\POVS-3.X\fib.asm


