MPLINK 5.08, LINKER
Linker Map File - Created Fri Apr 08 13:00:57 2016

                                 Section Info
                  Section       Type    Address   Location Size(Bytes)
                ---------  ---------  ---------  ---------  ---------
                   .org_0       code   0x000000    program   0x000000
                   .org_1       code   0x000000    program   0x000002
                   .org_2       code   0x000004    program   0x000098



                              Program Memory Usage 
                               Start         End      
                           ---------   ---------      
                            0x000000    0x000000      
                            0x000004    0x00004f      
            77 out of 1094 program addresses used, program memory utilization is 7%



                              Symbols - Sorted by Name
                     Name    Address   Location    Storage File                     
                ---------  ---------  ---------  --------- ---------                
            Button_pushed   0x00002b    program     static C:\Users\Pavel\MPLABXProjects\POVS-5\led.asm
            Display_table   0x000045    program     static C:\Users\Pavel\MPLABXProjects\POVS-5\led.asm
                     Loop   0x000029    program     static C:\Users\Pavel\MPLABXProjects\POVS-5\led.asm
              Normal_work   0x000034    program     static C:\Users\Pavel\MPLABXProjects\POVS-5\led.asm
                   Output   0x00000f    program     static C:\Users\Pavel\MPLABXProjects\POVS-5\led.asm
         Pre_timer_signal   0x000036    program     static C:\Users\Pavel\MPLABXProjects\POVS-5\led.asm
         Restore_status_w   0x00000a    program     static C:\Users\Pavel\MPLABXProjects\POVS-5\led.asm
                    Start   0x000015    program     static C:\Users\Pavel\MPLABXProjects\POVS-5\led.asm
             Timer_signal   0x00003e    program     static C:\Users\Pavel\MPLABXProjects\POVS-5\led.asm



                              Symbols - Sorted by Address
                     Name    Address   Location    Storage File                     
                ---------  ---------  ---------  --------- ---------                
         Restore_status_w   0x00000a    program     static C:\Users\Pavel\MPLABXProjects\POVS-5\led.asm
                   Output   0x00000f    program     static C:\Users\Pavel\MPLABXProjects\POVS-5\led.asm
                    Start   0x000015    program     static C:\Users\Pavel\MPLABXProjects\POVS-5\led.asm
                     Loop   0x000029    program     static C:\Users\Pavel\MPLABXProjects\POVS-5\led.asm
            Button_pushed   0x00002b    program     static C:\Users\Pavel\MPLABXProjects\POVS-5\led.asm
              Normal_work   0x000034    program     static C:\Users\Pavel\MPLABXProjects\POVS-5\led.asm
         Pre_timer_signal   0x000036    program     static C:\Users\Pavel\MPLABXProjects\POVS-5\led.asm
             Timer_signal   0x00003e    program     static C:\Users\Pavel\MPLABXProjects\POVS-5\led.asm
            Display_table   0x000045    program     static C:\Users\Pavel\MPLABXProjects\POVS-5\led.asm


