MPLINK 5.08, LINKER
Linker Map File - Created Wed Apr 13 12:19:45 2016

                                 Section Info
                  Section       Type    Address   Location Size(Bytes)
                ---------  ---------  ---------  ---------  ---------
                   .org_0       code   0x000000    program   0x000000
                   .org_1       code   0x000000    program   0x000002
                   .org_2       code   0x000004    program   0x000120
       .config_2007_LED.O       code   0x002007    program   0x000002



                              Program Memory Usage 
                               Start         End      
                           ---------   ---------      
                            0x000000    0x000000      
                            0x000004    0x000093      
                            0x002007    0x002007      
            146 out of 1094 program addresses used, program memory utilization is 13%



                              Symbols - Sorted by Name
                     Name    Address   Location    Storage File                     
                ---------  ---------  ---------  --------- ---------                
          Change_position   0x000056    program     static C:\Users\Pavel\MPLABXProjects\POVS-6\led.asm
               Change_row   0x00005e    program     static C:\Users\Pavel\MPLABXProjects\POVS-6\led.asm
                    Delay   0x000081    program     static C:\Users\Pavel\MPLABXProjects\POVS-6\led.asm
               Initialise   0x000010    program     static C:\Users\Pavel\MPLABXProjects\POVS-6\led.asm
           Internal_Delay   0x000082    program     static C:\Users\Pavel\MPLABXProjects\POVS-6\led.asm
                 LCD_Char   0x000048    program     static C:\Users\Pavel\MPLABXProjects\POVS-6\led.asm
                  LCD_Clr   0x00007a    program     static C:\Users\Pavel\MPLABXProjects\POVS-6\led.asm
                  LCD_Cmd   0x00003a    program     static C:\Users\Pavel\MPLABXProjects\POVS-6\led.asm
             LCD_Position   0x000073    program     static C:\Users\Pavel\MPLABXProjects\POVS-6\led.asm
                     Loop   0x000032    program     static C:\Users\Pavel\MPLABXProjects\POVS-6\led.asm
            MiliSec_Delay   0x000084    program     static C:\Users\Pavel\MPLABXProjects\POVS-6\led.asm
                   Output   0x000034    program     static C:\Users\Pavel\MPLABXProjects\POVS-6\led.asm
                  Pulse_e   0x00007d    program     static C:\Users\Pavel\MPLABXProjects\POVS-6\led.asm
                  Symbols   0x000089    program     static C:\Users\Pavel\MPLABXProjects\POVS-6\led.asm
             Timer_signal   0x000065    program     static C:\Users\Pavel\MPLABXProjects\POVS-6\led.asm



                              Symbols - Sorted by Address
                     Name    Address   Location    Storage File                     
                ---------  ---------  ---------  --------- ---------                
               Initialise   0x000010    program     static C:\Users\Pavel\MPLABXProjects\POVS-6\led.asm
                     Loop   0x000032    program     static C:\Users\Pavel\MPLABXProjects\POVS-6\led.asm
                   Output   0x000034    program     static C:\Users\Pavel\MPLABXProjects\POVS-6\led.asm
                  LCD_Cmd   0x00003a    program     static C:\Users\Pavel\MPLABXProjects\POVS-6\led.asm
                 LCD_Char   0x000048    program     static C:\Users\Pavel\MPLABXProjects\POVS-6\led.asm
          Change_position   0x000056    program     static C:\Users\Pavel\MPLABXProjects\POVS-6\led.asm
               Change_row   0x00005e    program     static C:\Users\Pavel\MPLABXProjects\POVS-6\led.asm
             Timer_signal   0x000065    program     static C:\Users\Pavel\MPLABXProjects\POVS-6\led.asm
             LCD_Position   0x000073    program     static C:\Users\Pavel\MPLABXProjects\POVS-6\led.asm
                  LCD_Clr   0x00007a    program     static C:\Users\Pavel\MPLABXProjects\POVS-6\led.asm
                  Pulse_e   0x00007d    program     static C:\Users\Pavel\MPLABXProjects\POVS-6\led.asm
                    Delay   0x000081    program     static C:\Users\Pavel\MPLABXProjects\POVS-6\led.asm
           Internal_Delay   0x000082    program     static C:\Users\Pavel\MPLABXProjects\POVS-6\led.asm
            MiliSec_Delay   0x000084    program     static C:\Users\Pavel\MPLABXProjects\POVS-6\led.asm
                  Symbols   0x000089    program     static C:\Users\Pavel\MPLABXProjects\POVS-6\led.asm


