MPLINK 5.08, LINKER
Linker Map File - Created Thu Feb 25 13:55:53 2016

                                 Section Info
                  Section       Type    Address   Location Size(Bytes)
                ---------  ---------  ---------  ---------  ---------
                   .org_1       code   0x000000    program   0x00005e
                   .cinit    romdata   0x00002f    program   0x000004
                   .org_0       code   0x002100    program   0x000002



                              Program Memory Usage 
                               Start         End      
                           ---------   ---------      
                            0x000000    0x000030      
                            0x002100    0x002100      
            50 out of 1093 program addresses used, program memory utilization is 4%



                              Symbols - Sorted by Name
                     Name    Address   Location    Storage File                     
                ---------  ---------  ---------  --------- ---------                
              EEPROM_READ   0x00000f    program     static D:\University\POVS\POVS-2.X\fib.asm
             EEPROM_WRITE   0x000001    program     static D:\University\POVS\POVS-2.X\fib.asm
                    Start   0x000013    program     static D:\University\POVS\POVS-2.X\fib.asm
             _.org_1_000A   0x00000a    program     static D:\University\POVS\POVS-2.X\fib.asm
                    cycle   0x000022    program     static D:\University\POVS\POVS-2.X\fib.asm



                              Symbols - Sorted by Address
                     Name    Address   Location    Storage File                     
                ---------  ---------  ---------  --------- ---------                
             EEPROM_WRITE   0x000001    program     static D:\University\POVS\POVS-2.X\fib.asm
             _.org_1_000A   0x00000a    program     static D:\University\POVS\POVS-2.X\fib.asm
              EEPROM_READ   0x00000f    program     static D:\University\POVS\POVS-2.X\fib.asm
                    Start   0x000013    program     static D:\University\POVS\POVS-2.X\fib.asm
                    cycle   0x000022    program     static D:\University\POVS\POVS-2.X\fib.asm


